---
source: crates/bc-seed/src/fixture.rs
expression: rendered
---
# transactions per account (direct postings)
Assets: 0
Assets:Archive: 150
Assets:Car: 0
Assets:Checking: 54
Assets:Savings: 16
Assets:Split: 0
Assets:Split:Holiday: 3
Assets:Split:Me: 1
Assets:Split:Partner: 1
Assets:Split:Shared: 1
Equity: 0
Equity:ArchiveOpening: 150
Equity:OpeningBalance: 4
Expenses: 0
Expenses:Dining: 15
Expenses:Entertainment: 2
Expenses:Groceries: 23
Expenses:Healthcare: 3
Expenses:Subscriptions: 20
Expenses:Subscriptions:Telecommunications: 6
Expenses:Transport: 7
Expenses:Uncategorised: 0
Expenses:Utilities: 0
Expenses:Utilities:Electricity: 7
Expenses:Utilities:Water: 0
Expenses:Utilities:Water:Drinking: 0
Expenses:Utilities:Water:Sewer: 2
Income: 0
Income:Freelance: 2
Income:Interest: 6
Income:Salary: 9
Liabilities: 0
Liabilities:CarLoan: 8
Liabilities:CreditCard: 69
Liabilities:SplitCard: 3

# transactions by posting count
1: 6
2: 274
3: 1
5: 1

# unbalanced transactions: 6

# payees
AGL Energy
Archive Co
BP Service Station
Bank
Car Finance
Chemist Warehouse
City Medical Centre
Client A
Client B
Coles
Costco
Employer Ltd
Event Cinemas
Example Fuel Stop
Example Travel Agency
Fine Dining Co
Gym Membership
Harris Farm
IGA
Live Nation
NYE Restaurant
Netflix
Opal Card
Opening Balance
Origin Energy
Power Company
Spotify
Subscription Refund
Supermarket
Telstra
The Coffee Club
The Local Bistro
Transfer
Visa
Woolworths
iCloud

# budget revisions (months from this month)
Dining: -6
Electricity: -6, -3
Entertainment: -6
Groceries: -6, -3
Healthcare: -6
Subscriptions: -6
Transport: -6
