---
source: crates/bc-cli/tests/cli/help.rs
assertion_line: 17
expression: output
---
success: true
exit_code: 0
----- stdout -----
BorrowChecker command-line interface

Usage: borrow-checker [OPTIONS] <COMMAND>

Commands:
  account      Manage accounts (list, create, archive)
  asset        Manage assets (record-valuation, book-value, depreciate, set-loan-terms, amortization)
  transaction  Manage transactions (list, add, amend, void)
  import       Import transactions from a file using a named import profile
  export       Export all accounts and transactions to a file or stdout
  report       Generate financial reports
  budget       Manage budget envelopes: groups, envelopes, allocate, status
  plugin       Manage plugins (requires Milestone 6)
  completions  Generate shell completion scripts
  help         Print this message or the help of the given subcommand(s)

Options:
      --json
          Emit machine-readable JSON instead of human-readable output
          
          [env: BC_JSON=]

      --db-path <DB_PATH>
          Path to the SQLite database file.
          
          Overrides the `db_path` config file setting and the platform default. The `BC_DB_PATH` environment variable is also honoured via the config layer rather than directly by this flag.

  -v, --verbose...
          Increase log verbosity.
          
          Pass once for info (`-v`), twice for debug (`-vv`), three times for trace (`-vvv`). Use `RUST_LOG` for fine-grained per-crate control.

  -q, --quiet...
          Decrease log verbosity.
          
          Pass once for error-only output (`-q`). Use `RUST_LOG` for fine-grained per-crate control.

  -h, --help
          Print help (see a summary with '-h')

  -V, --version
          Print version
----- stderr -----
