---
source: crates/bc-cli/tests/cli/transaction.rs
expression: output
---
success: false
exit_code: 1
----- stdout -----
----- stderr -----
error: invalid transaction ID 'transaction_notavalidid000000000': invalid TransactionId: Suffix error: Invalid `TypeID` suffix: Suffix must be exactly 26 characters long
