---
source: crates/bc-cli/tests/cli/asset.rs
expression: output
---
success: true
exit_code: 0
----- stdout -----
[
  {
    "payment_number": 1,
    "date": "2026-02-01",
    "total_payment": "1032.80",
    "principal": "971.65",
    "interest": "61.15",
    "remaining_balance": "11028.35"
  },
  {
    "payment_number": 2,
    "date": "2026-03-01",
    "total_payment": "1032.80",
    "principal": "982.04",
    "interest": "50.76",
    "remaining_balance": "10046.31"
  },
  {
    "payment_number": 3,
    "date": "2026-04-01",
    "total_payment": "1032.80",
    "principal": "981.61",
    "interest": "51.19",
    "remaining_balance": "9064.70"
  },
  {
    "payment_number": 4,
    "date": "2026-05-01",
    "total_payment": "1032.80",
    "principal": "988.10",
    "interest": "44.70",
    "remaining_balance": "8076.60"
  },
  {
    "payment_number": 5,
    "date": "2026-06-01",
    "total_payment": "1032.80",
    "principal": "991.64",
    "interest": "41.16",
    "remaining_balance": "7084.96"
  },
  {
    "payment_number": 6,
    "date": "2026-07-01",
    "total_payment": "1032.80",
    "principal": "997.86",
    "interest": "34.94",
    "remaining_balance": "6087.10"
  },
  {
    "payment_number": 7,
    "date": "2026-08-01",
    "total_payment": "1032.80",
    "principal": "1001.78",
    "interest": "31.02",
    "remaining_balance": "5085.32"
  },
  {
    "payment_number": 8,
    "date": "2026-09-01",
    "total_payment": "1032.80",
    "principal": "1006.89",
    "interest": "25.91",
    "remaining_balance": "4078.43"
  },
  {
    "payment_number": 9,
    "date": "2026-10-01",
    "total_payment": "1032.80",
    "principal": "1012.69",
    "interest": "20.11",
    "remaining_balance": "3065.74"
  },
  {
    "payment_number": 10,
    "date": "2026-11-01",
    "total_payment": "1032.80",
    "principal": "1017.18",
    "interest": "15.62",
    "remaining_balance": "2048.56"
  },
  {
    "payment_number": 11,
    "date": "2026-12-01",
    "total_payment": "1032.80",
    "principal": "1022.70",
    "interest": "10.10",
    "remaining_balance": "1025.86"
  },
  {
    "payment_number": 12,
    "date": "2027-01-01",
    "total_payment": "1031.09",
    "principal": "1025.86",
    "interest": "5.23",
    "remaining_balance": "0"
  }
]
----- stderr -----
