---
source: crates/bc-cli/tests/cli/budget.rs
assertion_line: 277
expression: output
---
success: true
exit_code: 0
----- stdout -----
 BUDGET           | PERIOD                  | ALLOCATED | ACTUALS | AVAILABLE 
==============================================================================
 Groceries Budget | 2029-12-19 – 2030-01-18 | 500 AUD   | 0 AUD   | 500 AUD   
----- stderr -----
