---
source: crates/bc-cli/tests/cli/account.rs
expression: output
---
success: true
exit_code: 0
----- stdout -----
 ID                                 | NAME        | TYPE    | KIND  | OPENED | CLOSED
======================================================================================
 [ACCOUNT_ID] | Expenses    | Expense | Group |        |
------------------------------------+-------------+---------+-------+--------+--------
 [ACCOUNT_ID] | Food        | Expense | Group |        |
------------------------------------+-------------+---------+-------+--------+--------
 [ACCOUNT_ID] | Restaurants | Expense | Group |        |
----- stderr -----
