---
source: crates/bc-cli/tests/cli/help.rs
expression: output
---
success: true
exit_code: 0
----- stdout -----
BorrowChecker command-line interface

Usage: borrow-checker [OPTIONS] <COMMAND>

Commands:
  account            Manage accounts (list, create, archive)
  asset              Manage assets (record-valuation, book-value, depreciate, set-loan-terms, amortization)
  backup             Snapshot the database to a backup file
  transaction        Manage transactions (list, add, amend, reverse)
  import             Manage imports (run, list, discard)
  export             Export all accounts and transactions to a file or stdout
  report             Generate financial reports
  restore            Restore the database from a backup file
  budget             Manage budgets: create, list, archive, status
  tag                Manage tags: create, rename, delete, list
  plugin             Manage plugins (requires Milestone 6)
  profile            Manage import profiles (create, list, show, edit, remove)
  completions        Generate shell completion scripts
  merge              Merge two transactions (e.g. the two legs of a transfer) into one
  unmerge            Reverse a previous merge, splitting a transaction back into two
  suggest-transfers  Suggest candidate transfer pairs to merge
  help               Print this message or the help of the given subcommand(s)

Options:
      --json
          Emit machine-readable JSON instead of human-readable output

          [env: BC_JSON=]

      --db-path <DB_PATH>
          Path to the SQLite database file.

          Overrides the `db_path` config file setting and the platform default. The `BC_DB_PATH` environment variable is also honoured via the config layer rather than directly by this flag.

  -v, --verbose...
          Increase log verbosity.

          Pass once for info (`-v`), twice for debug (`-vv`), three times for trace (`-vvv`). Use `RUST_LOG` for fine-grained per-crate control.

  -q, --quiet...
          Decrease log verbosity.

          Pass once for error-only output (`-q`). Use `RUST_LOG` for fine-grained per-crate control.

  -h, --help
          Print help (see a summary with '-h')

  -V, --version
          Print version
----- stderr -----
