---
source: crates/bc-ipc/src/sources.rs
expression: row
---
{
  "kind": "transaction",
  "deleted_transaction_id": "transaction_1",
  "legs": [
    {
      "reference": "source_ref_1",
      "account": "Checking",
      "date": "2026-01-03",
      "narration": "COFFEE",
      "amount": "-4.50",
      "commodity": "AUD"
    }
  ]
}
